---
source: crates/ruff_linter/src/rules/flake8_pyi/mod.rs
---
PYI034.pyi:22:10: PYI034 `__new__` methods in classes like `Bad` usually return `self` at runtime
   |
20 |     def __new__(
21 |         cls, *args: Any, **kwargs: Any
22 |     ) -> Bad: ...  # Y034 "__new__" methods usually return "self" at runtime. Consider using "typing_extensions.Self" in "Bad.__new__", e.g. "def __new__(cls, *args: Any, **kwargs: Any) -> Self: ..."
   |          ^^^ PYI034
23 |     def __repr__(
24 |         self,
   |
   = help: Consider using `typing_extensions.Self` as return type

PYI034.pyi:37:10: PYI034 `__enter__` methods in classes like `Bad` usually return `self` at runtime
   |
35 |     def __enter__(
36 |         self,
37 |     ) -> Bad: ...  # Y034 "__enter__" methods in classes like "Bad" usually return "self" at runtime. Consider using "typing_extensions.Self" in "Bad.__enter__", e.g. "def __enter__(self) -> Self: ..."
   |          ^^^ PYI034
38 |     async def __aenter__(
39 |         self,
   |
   = help: Consider using `typing_extensions.Self` as return type

PYI034.pyi:40:10: PYI034 `__aenter__` methods in classes like `Bad` usually return `self` at runtime
   |
38 |     async def __aenter__(
39 |         self,
40 |     ) -> Bad: ...  # Y034 "__aenter__" methods in classes like "Bad" usually return "self" at runtime. Consider using "typing_extensions.Self" in "Bad.__aenter__", e.g. "async def __aenter__(self) -> Self: ..."
   |          ^^^ PYI034
41 |     def __iadd__(
42 |         self, other: Bad
   |
   = help: Consider using `typing_extensions.Self` as return type

PYI034.pyi:43:10: PYI034 `__iadd__` methods in classes like `Bad` usually return `self` at runtime
   |
41 |     def __iadd__(
42 |         self, other: Bad
43 |     ) -> Bad: ...  # Y034 "__iadd__" methods in classes like "Bad" usually return "self" at runtime. Consider using "typing_extensions.Self" in "Bad.__iadd__", e.g. "def __iadd__(self, other: Bad) -> Self: ..."
   |          ^^^ PYI034
44 | 
45 | class AlsoBad(
   |
   = help: Consider using `typing_extensions.Self` as return type

PYI034.pyi:106:10: PYI034 `__iter__` methods in classes like `BadIterator1` usually return `self` at runtime
    |
104 |       def __iter__(
105 |           self,
106 |       ) -> Iterator[
    |  __________^
107 | |         int
108 | |     ]: ...  # Y034 "__iter__" methods in classes like "BadIterator1" usually return "self" at runtime. Consider using "typing_extensions.Self" in "BadIterator1.__iter__", e.g. "def __iter__(self) -> Self: ..."
    | |_____^ PYI034
109 |   
110 |   class BadIterator2(
    |
    = help: Consider using `typing_extensions.Self` as return type

PYI034.pyi:115:10: PYI034 `__iter__` methods in classes like `BadIterator2` usually return `self` at runtime
    |
113 |       def __iter__(
114 |           self,
115 |       ) -> Iterator[
    |  __________^
116 | |         int
117 | |     ]: ...  # Y034 "__iter__" methods in classes like "BadIterator2" usually return "self" at runtime. Consider using "typing_extensions.Self" in "BadIterator2.__iter__", e.g. "def __iter__(self) -> Self: ..."
    | |_____^ PYI034
118 |   
119 |   class BadIterator3(
    |
    = help: Consider using `typing_extensions.Self` as return type

PYI034.pyi:124:10: PYI034 `__iter__` methods in classes like `BadIterator3` usually return `self` at runtime
    |
122 |       def __iter__(
123 |           self,
124 |       ) -> collections.abc.Iterator[
    |  __________^
125 | |         int
126 | |     ]: ...  # Y034 "__iter__" methods in classes like "BadIterator3" usually return "self" at runtime. Consider using "typing_extensions.Self" in "BadIterator3.__iter__", e.g. "def __iter__(self) -> Self: ..."
    | |_____^ PYI034
127 |   
128 |   class BadIterator4(Iterator[int]):
    |
    = help: Consider using `typing_extensions.Self` as return type

PYI034.pyi:132:10: PYI034 `__iter__` methods in classes like `BadIterator4` usually return `self` at runtime
    |
130 |       def __iter__(
131 |           self,
132 |       ) -> Iterable[
    |  __________^
133 | |         int
134 | |     ]: ...  # Y034 "__iter__" methods in classes like "BadIterator4" usually return "self" at runtime. Consider using "typing_extensions.Self" in "BadIterator4.__iter__", e.g. "def __iter__(self) -> Self: ..."
    | |_____^ PYI034
135 |   
136 |   class IteratorReturningIterable:
    |
    = help: Consider using `typing_extensions.Self` as return type

PYI034.pyi:146:10: PYI034 `__aiter__` methods in classes like `BadAsyncIterator` usually return `self` at runtime
    |
144 |       def __aiter__(
145 |           self,
146 |       ) -> typing.AsyncIterator[
    |  __________^
147 | |         str
148 | |     ]: ...  # Y034 "__aiter__" methods in classes like "BadAsyncIterator" usually return "self" at runtime. Consider using "typing_extensions.Self" in "BadAsyncIterator.__aiter__", e.g. "def __aiter__(self) -> Self: ..."  # Y022 Use "collections.abc.AsyncIterator[T]" instead of "typing.AsyncIterator[T]" (PEP 585 syntax)
    | |_____^ PYI034
149 |   
150 |   class AsyncIteratorReturningAsyncIterable:
    |
    = help: Consider using `typing_extensions.Self` as return type
