---
source: crates/ruff_python_parser/src/lexer.rs
expression: lex_source(source)
---
[
    (
        FStringStart(
            Double,
        ),
        0..2,
    ),
    (
        FStringMiddle {
            value: "\\N{BULLET} normal \\Nope \\N",
            is_raw: false,
            quote_kind: Double,
        },
        2..28,
    ),
    (
        FStringEnd(
            Double,
        ),
        28..29,
    ),
    (
        Newline,
        29..29,
    ),
]
